// Jest Snapshot v1, https://goo.gl/fbAQLP

exports[`Test of Calculator page test if Calculator page is rendered 1`] = `
<section
  className="calculator-section"
>
  <h2>
    Let's do some Maths!
  </h2>
  <div
    className="container"
  >
    <div
      className="input-field"
    >
      <p>
        0
      </p>
    </div>
    <div
      className="wrapper"
    >
      <div
        className="row"
      >
        <button
          className="clear-small-button"
          onClick={[Function]}
          type="button"
        >
          AC
        </button>
        <button
          className="clear-small-button"
          onClick={[Function]}
          type="button"
        >
          +/-
        </button>
        <button
          className="clear-small-button"
          onClick={[Function]}
          type="button"
        >
          %
        </button>
        <button
          className="clear-small-button operator-button"
          onClick={[Function]}
          type="button"
        >
          รท
        </button>
      </div>
      <div
        className="row"
      >
        <button
          className="clear-small-button"
          onClick={[Function]}
          type="button"
        >
          7
        </button>
        <button
          className="clear-small-button"
          onClick={[Function]}
          type="button"
        >
          8
        </button>
        <button
          className="clear-small-button"
          onClick={[Function]}
          type="button"
        >
          9
        </button>
        <button
          className="clear-small-button operator-button"
          onClick={[Function]}
          type="button"
        >
          x
        </button>
      </div>
      <div
        className="row"
      >
        <button
          className="clear-small-button"
          onClick={[Function]}
          type="button"
        >
          4
        </button>
        <button
          className="clear-small-button"
          onClick={[Function]}
          type="button"
        >
          5
        </button>
        <button
          className="clear-small-button"
          onClick={[Function]}
          type="button"
        >
          6
        </button>
        <button
          className="clear-small-button operator-button"
          onClick={[Function]}
          type="button"
        >
          -
        </button>
      </div>
      <div
        className="row"
      >
        <button
          className="clear-small-button"
          onClick={[Function]}
          type="button"
        >
          1
        </button>
        <button
          className="clear-small-button"
          onClick={[Function]}
          type="button"
        >
          2
        </button>
        <button
          className="clear-small-button"
          onClick={[Function]}
          type="button"
        >
          3
        </button>
        <button
          className="clear-small-button operator-button"
          onClick={[Function]}
          type="button"
        >
          +
        </button>
      </div>
      <div
        className="row"
      >
        <button
          className="clear-large-button"
          onClick={[Function]}
          type="button"
        >
          0
        </button>
        <button
          className="clear-small-button"
          onClick={[Function]}
          type="button"
        >
          .
        </button>
        <button
          className="clear-small-button operator-button"
          onClick={[Function]}
          type="button"
        >
          =
        </button>
      </div>
    </div>
  </div>
</section>
`;
